// Jest Snapshot v1, https://jestjs.io/docs/snapshot-testing

exports[`PriceSummary 컴포넌트 컴포넌트의 스타일이 스냅샷과 일치해야 한다 1`] = `
<DocumentFragment>
  <div
    class="sc-bRKDuR hOFzGC"
  >
    <strong>
      총 금액: 50,000원
    </strong>
  </div>
  <button
    class="sc-hvigdm fYYomu"
    type="submit"
  >
    50,000원 주문하기
  </button>
</DocumentFragment>
`;
