// Jest Snapshot v1, https://jestjs.io/docs/snapshot-testing

exports[`ProductDetailInfo 컴포넌트 컴포넌트의 스타일 및 구조가 스냅샷과 일치해야 한다 1`] = `
<DocumentFragment>
  <section
    style="margin: 16px;"
  >
    <h2>
      상품설명
    </h2>
    <div>
      <p>
        이것은 
        <strong>
          상품 설명
        </strong>
        입니다.
      </p>
    </div>
    <img
      alt="상품 상세 이미지0"
      src="image1.jpg"
    />
    <img
      alt="상품 상세 이미지1"
      src="image2.jpg"
    />
  </section>
</DocumentFragment>
`;
